---
source: tests/worktrees.rs
assertion_line: 346
expression: stats
---
CommitStats {
    human_additions: 3,
    mixed_additions: 0,
    ai_additions: 0,
    ai_accepted: 0,
    total_ai_additions: 0,
    total_ai_deletions: 0,
    time_waiting_for_ai: 0,
    git_diff_deleted_lines: 0,
    git_diff_added_lines: 3,
    tool_model_breakdown: {},
}
